\BOOKMARK [1][-]{section.1}{\376\377\000I\000n\000t\000r\000o\000d\000u\000c\000t\000i\000o\000n}{}% 1
\BOOKMARK [1][-]{section.2}{\376\377\000M\000o\000t\000i\000v\000a\000t\000i\000o\000n}{}% 2
\BOOKMARK [1][-]{section.3}{\376\377\000B\000a\000c\000k\000g\000r\000o\000u\000n\000d\000\040\000a\000n\000d\000\040\000R\000e\000l\000a\000t\000e\000d\000\040\000W\000o\000r\000k}{}% 3
\BOOKMARK [1][-]{section.4}{\376\377\000M\000e\000t\000h\000o\000d\000:\000\040\000F\000e\000e\000d\000F\000l\000i\000p\000N\000e\000t\000s}{}% 4
\BOOKMARK [1][-]{section.5}{\376\377\000T\000h\000e\000o\000r\000e\000t\000i\000c\000a\000l\000\040\000A\000n\000a\000l\000y\000s\000i\000s\000\040\000o\000f\000\040\000F\000e\000e\000d\000F\000l\000i\000p\000N\000e\000t\000s}{}% 5
\BOOKMARK [2][-]{subsection.5.1}{\376\377\000P\000r\000e\000l\000i\000m\000i\000n\000a\000r\000i\000e\000s\000\040\000a\000n\000d\000\040\000D\000e\000f\000i\000n\000i\000t\000i\000o\000n\000s}{section.5}% 6
\BOOKMARK [2][-]{subsection.5.2}{\376\377\000C\000o\000n\000v\000e\000r\000g\000e\000n\000c\000e\000\040\000A\000n\000a\000l\000y\000s\000i\000s\000\040\000U\000n\000d\000e\000r\000\040\000D\000i\000r\000e\000c\000t\000\040\000F\000e\000e\000d\000b\000a\000c\000k\000\040\000A\000l\000i\000g\000n\000m\000e\000n\000t}{section.5}% 7
\BOOKMARK [3][-]{subsubsection.5.2.1}{\376\377\000D\000e\000e\000p\000\040\000l\000i\000n\000e\000a\000r\000\040\000n\000e\000t\000w\000o\000r\000k\000s}{subsection.5.2}% 8
\BOOKMARK [3][-]{subsubsection.5.2.2}{\376\377\000N\000o\000n\000l\000i\000n\000e\000a\000r\000\040\000n\000e\000t\000w\000o\000r\000k\000s\000\040\000a\000n\000d\000\040\000q\000u\000a\000n\000t\000i\000z\000e\000d\000\040\000u\000p\000d\000a\000t\000e\000s}{subsection.5.2}% 9
\BOOKMARK [2][-]{subsection.5.3}{\376\377\000C\000o\000m\000p\000a\000r\000i\000s\000o\000n\000\040\000t\000o\000\040\000S\000t\000a\000n\000d\000a\000r\000d\000\040\000B\000a\000c\000k\000p\000r\000o\000p\000a\000g\000a\000t\000i\000o\000n}{section.5}% 10
\BOOKMARK [2][-]{subsection.5.4}{\376\377\000S\000t\000r\000u\000c\000t\000u\000r\000e\000d\000\040\000F\000e\000e\000d\000b\000a\000c\000k\000\040\000M\000a\000t\000r\000i\000c\000e\000s}{section.5}% 11
\BOOKMARK [2][-]{subsection.5.5}{\376\377\000I\000m\000p\000l\000i\000c\000a\000t\000i\000o\000n\000s\000\040\000o\000f\000\040\000T\000e\000r\000n\000a\000r\000y\000\040\000Q\000u\000a\000n\000t\000i\000z\000a\000t\000i\000o\000n}{section.5}% 12
\BOOKMARK [2][-]{subsection.5.6}{\376\377\000F\000a\000i\000l\000u\000r\000e\000\040\000M\000o\000d\000e\000s\000\040\000a\000n\000d\000\040\000M\000i\000t\000i\000g\000a\000t\000i\000o\000n\000s}{section.5}% 13
\BOOKMARK [2][-]{subsection.5.7}{\376\377\000N\000e\000u\000r\000o\000s\000c\000i\000e\000n\000c\000e\000\040\000P\000l\000a\000u\000s\000i\000b\000i\000l\000i\000t\000y}{section.5}% 14
\BOOKMARK [2][-]{subsection.5.8}{\376\377\000K\000e\000y\000\040\000T\000a\000k\000e\000a\000w\000a\000y\000s}{section.5}% 15
\BOOKMARK [1][-]{section.6}{\376\377\000E\000x\000p\000e\000r\000i\000m\000e\000n\000t\000a\000l\000\040\000S\000e\000t\000u\000p}{}% 16
\BOOKMARK [1][-]{section.7}{\376\377\000R\000e\000s\000u\000l\000t\000s}{}% 17
\BOOKMARK [2][-]{subsection.7.1}{\376\377\000B\000e\000s\000t\000\040\000C\000o\000n\000f\000i\000g\000u\000r\000a\000t\000i\000o\000n\000s}{section.7}% 18
\BOOKMARK [2][-]{subsection.7.2}{\376\377\000L\000e\000a\000r\000n\000i\000n\000g\000-\000R\000a\000t\000e\000\040\000S\000w\000e\000e\000p\000s}{section.7}% 19
\BOOKMARK [2][-]{subsection.7.3}{\376\377\000A\000b\000l\000a\000t\000i\000o\000n\000s\000\040\000a\000n\000d\000\040\000S\000e\000n\000s\000i\000t\000i\000v\000i\000t\000y}{section.7}% 20
\BOOKMARK [2][-]{subsection.7.4}{\376\377\000K\000e\000y\000\040\000O\000b\000s\000e\000r\000v\000a\000t\000i\000o\000n\000s}{section.7}% 21
\BOOKMARK [2][-]{subsection.7.5}{\376\377\000S\000t\000r\000u\000c\000t\000u\000r\000e\000d\000\040\000F\000e\000e\000d\000b\000a\000c\000k\000:\000\040\000O\000r\000t\000h\000o\000\040\000v\000s\000.\000\040\000H\000a\000d\000a\000m\000a\000r\000d}{section.7}% 22
\BOOKMARK [1][-]{section.8}{\376\377\000M\000e\000t\000a\000-\000A\000n\000a\000l\000y\000s\000i\000s\000\040\000a\000n\000d\000\040\000D\000i\000s\000c\000u\000s\000s\000i\000o\000n}{}% 23
\BOOKMARK [2][-]{subsection.8.1}{\376\377\000C\000o\000n\000v\000e\000r\000g\000e\000n\000c\000e\000\040\000S\000p\000e\000e\000d\000\040\000a\000n\000d\000\040\000S\000t\000a\000b\000i\000l\000i\000t\000y}{section.8}% 24
\BOOKMARK [2][-]{subsection.8.2}{\376\377\000T\000h\000r\000o\000u\000g\000h\000p\000u\000t\000\040\000a\000n\000d\000\040\000E\000f\000f\000i\000c\000i\000e\000n\000c\000y}{section.8}% 25
\BOOKMARK [2][-]{subsection.8.3}{\376\377\000A\000l\000i\000g\000n\000m\000e\000n\000t\000\040\000D\000y\000n\000a\000m\000i\000c\000s}{section.8}% 26
\BOOKMARK [1][-]{section.9}{\376\377\000I\000m\000p\000a\000c\000t\000\040\000a\000n\000d\000\040\000B\000r\000o\000a\000d\000e\000r\000\040\000S\000i\000g\000n\000i\000f\000i\000c\000a\000n\000c\000e}{}% 27
\BOOKMARK [1][-]{section.10}{\376\377\000L\000i\000m\000i\000t\000a\000t\000i\000o\000n\000s}{}% 28
\BOOKMARK [1][-]{section.11}{\376\377\000F\000u\000t\000u\000r\000e\000\040\000W\000o\000r\000k}{}% 29
\BOOKMARK [1][-]{section.12}{\376\377\000C\000o\000n\000c\000l\000u\000s\000i\000o\000n}{}% 30
\BOOKMARK [1][-]{section*.33}{\376\377\000A\000p\000p\000e\000n\000d\000i\000x}{}% 31
\BOOKMARK [2][-]{section*.34}{\376\377\000A\000.\000\040\000P\000r\000o\000o\000f\000\040\000o\000f\000\040\000T\000h\000e\000o\000r\000e\000m}{section*.33}% 32
\BOOKMARK [2][-]{section*.38}{\376\377\000B\000.\000\040\000P\000r\000o\000o\000f\000\040\000o\000f\000\040\000L\000e\000m\000m\000a}{section*.33}% 33
